------------------------------------------------------------
TimeQuest Timing Analyzer Summary
------------------------------------------------------------

Type  : Slow 1200mV 85C Model Setup 'amm_master_inst|pcie_ip|pcie_internal_hip|cyclone_iii.cycloneiv_hssi_pcie_hip|coreclkout'
Slack : -1.584
TNS   : -98.652

Type  : Slow 1200mV 85C Model Setup 'amm_master_inst|altpll_qsys|sd1|pll7|clk[1]'
Slack : 9.681
TNS   : 0.000

Type  : Slow 1200mV 85C Model Setup 'CLOCK_50'
Slack : 10.850
TNS   : 0.000

Type  : Slow 1200mV 85C Model Setup 'n/a'
Slack : 13.760
TNS   : 0.000

Type  : Slow 1200mV 85C Model Setup 'amm_master_inst|altpll_qsys|sd1|pll7|clk[2]'
Slack : 33.624
TNS   : 0.000

Type  : Slow 1200mV 85C Model Hold 'amm_master_inst|pcie_ip|pcie_internal_hip|cyclone_iii.cycloneiv_hssi_pcie_hip|coreclkout'
Slack : 0.239
TNS   : 0.000

Type  : Slow 1200mV 85C Model Hold 'amm_master_inst|altpll_qsys|sd1|pll7|clk[1]'
Slack : 0.332
TNS   : 0.000

Type  : Slow 1200mV 85C Model Hold 'CLOCK_50'
Slack : 0.373
TNS   : 0.000

Type  : Slow 1200mV 85C Model Hold 'amm_master_inst|altpll_qsys|sd1|pll7|clk[2]'
Slack : 0.377
TNS   : 0.000

Type  : Slow 1200mV 85C Model Hold 'n/a'
Slack : 5.337
TNS   : 0.000

Type  : Slow 1200mV 85C Model Recovery 'amm_master_inst|pcie_ip|pcie_internal_hip|cyclone_iii.cycloneiv_hssi_pcie_hip|coreclkout'
Slack : 3.680
TNS   : 0.000

Type  : Slow 1200mV 85C Model Recovery 'amm_master_inst|altpll_qsys|sd1|pll7|clk[1]'
Slack : 13.113
TNS   : 0.000

Type  : Slow 1200mV 85C Model Recovery 'CLOCK_50'
Slack : 13.975
TNS   : 0.000

Type  : Slow 1200mV 85C Model Removal 'amm_master_inst|pcie_ip|pcie_internal_hip|cyclone_iii.cycloneiv_hssi_pcie_hip|coreclkout'
Slack : 1.031
TNS   : 0.000

Type  : Slow 1200mV 85C Model Removal 'CLOCK_50'
Slack : 4.403
TNS   : 0.000

Type  : Slow 1200mV 85C Model Removal 'amm_master_inst|altpll_qsys|sd1|pll7|clk[1]'
Slack : 4.419
TNS   : 0.000

Type  : Slow 1200mV 85C Model Minimum Pulse Width 'amm_master_inst|pcie_ip|altgx_internal|amm_master_qsys_with_pcie_pcie_ip_altgx_internal_alt_c3gxb_6ni8_component|transmit_pcs0|hiptxclkout'
Slack : 2.000
TNS   : 0.000

Type  : Slow 1200mV 85C Model Minimum Pulse Width 'amm_master_inst|pcie_ip|altgx_internal|amm_master_qsys_with_pcie_pcie_ip_altgx_internal_alt_c3gxb_6ni8_component|transmit_pma0|clockout'
Slack : 2.000
TNS   : 0.000

Type  : Slow 1200mV 85C Model Minimum Pulse Width 'amm_master_inst|pcie_ip|pcie_internal_hip|cyclone_iii.cycloneiv_hssi_pcie_hip|coreclkout'
Slack : 3.581
TNS   : 0.000

Type  : Slow 1200mV 85C Model Minimum Pulse Width 'amm_master_inst|pcie_ip|pcie_internal_hip|cyclone_iii.cycloneiv_hssi_pcie_hip|pclkch0'
Slack : 3.977
TNS   : 0.000

Type  : Slow 1200mV 85C Model Minimum Pulse Width 'PCIE_REFCLK_P'
Slack : 4.980
TNS   : 0.000

Type  : Slow 1200mV 85C Model Minimum Pulse Width 'amm_master_inst|altpll_qsys|sd1|pll7|clk[1]'
Slack : 9.602
TNS   : 0.000

Type  : Slow 1200mV 85C Model Minimum Pulse Width 'CLOCK_50'
Slack : 9.718
TNS   : 0.000

Type  : Slow 1200mV 85C Model Minimum Pulse Width 'amm_master_inst|altpll_qsys|sd1|pll7|clk[2]'
Slack : 19.618
TNS   : 0.000

Type  : Slow 1200mV 0C Model Setup 'amm_master_inst|pcie_ip|pcie_internal_hip|cyclone_iii.cycloneiv_hssi_pcie_hip|coreclkout'
Slack : -0.725
TNS   : -7.091

Type  : Slow 1200mV 0C Model Setup 'amm_master_inst|altpll_qsys|sd1|pll7|clk[1]'
Slack : 10.491
TNS   : 0.000

Type  : Slow 1200mV 0C Model Setup 'CLOCK_50'
Slack : 11.527
TNS   : 0.000

Type  : Slow 1200mV 0C Model Setup 'n/a'
Slack : 14.264
TNS   : 0.000

Type  : Slow 1200mV 0C Model Setup 'amm_master_inst|altpll_qsys|sd1|pll7|clk[2]'
Slack : 34.196
TNS   : 0.000

Type  : Slow 1200mV 0C Model Hold 'amm_master_inst|pcie_ip|pcie_internal_hip|cyclone_iii.cycloneiv_hssi_pcie_hip|coreclkout'
Slack : 0.240
TNS   : 0.000

Type  : Slow 1200mV 0C Model Hold 'CLOCK_50'
Slack : 0.327
TNS   : 0.000

Type  : Slow 1200mV 0C Model Hold 'amm_master_inst|altpll_qsys|sd1|pll7|clk[2]'
Slack : 0.331
TNS   : 0.000

Type  : Slow 1200mV 0C Model Hold 'amm_master_inst|altpll_qsys|sd1|pll7|clk[1]'
Slack : 0.334
TNS   : 0.000

Type  : Slow 1200mV 0C Model Hold 'n/a'
Slack : 4.874
TNS   : 0.000

Type  : Slow 1200mV 0C Model Recovery 'amm_master_inst|pcie_ip|pcie_internal_hip|cyclone_iii.cycloneiv_hssi_pcie_hip|coreclkout'
Slack : 3.995
TNS   : 0.000

Type  : Slow 1200mV 0C Model Recovery 'amm_master_inst|altpll_qsys|sd1|pll7|clk[1]'
Slack : 13.702
TNS   : 0.000

Type  : Slow 1200mV 0C Model Recovery 'CLOCK_50'
Slack : 14.494
TNS   : 0.000

Type  : Slow 1200mV 0C Model Removal 'amm_master_inst|pcie_ip|pcie_internal_hip|cyclone_iii.cycloneiv_hssi_pcie_hip|coreclkout'
Slack : 0.938
TNS   : 0.000

Type  : Slow 1200mV 0C Model Removal 'CLOCK_50'
Slack : 3.927
TNS   : 0.000

Type  : Slow 1200mV 0C Model Removal 'amm_master_inst|altpll_qsys|sd1|pll7|clk[1]'
Slack : 3.931
TNS   : 0.000

Type  : Slow 1200mV 0C Model Minimum Pulse Width 'amm_master_inst|pcie_ip|altgx_internal|amm_master_qsys_with_pcie_pcie_ip_altgx_internal_alt_c3gxb_6ni8_component|transmit_pcs0|hiptxclkout'
Slack : 2.000
TNS   : 0.000

Type  : Slow 1200mV 0C Model Minimum Pulse Width 'amm_master_inst|pcie_ip|altgx_internal|amm_master_qsys_with_pcie_pcie_ip_altgx_internal_alt_c3gxb_6ni8_component|transmit_pma0|clockout'
Slack : 2.000
TNS   : 0.000

Type  : Slow 1200mV 0C Model Minimum Pulse Width 'amm_master_inst|pcie_ip|pcie_internal_hip|cyclone_iii.cycloneiv_hssi_pcie_hip|coreclkout'
Slack : 3.524
TNS   : 0.000

Type  : Slow 1200mV 0C Model Minimum Pulse Width 'amm_master_inst|pcie_ip|pcie_internal_hip|cyclone_iii.cycloneiv_hssi_pcie_hip|pclkch0'
Slack : 3.971
TNS   : 0.000

Type  : Slow 1200mV 0C Model Minimum Pulse Width 'PCIE_REFCLK_P'
Slack : 4.975
TNS   : 0.000

Type  : Slow 1200mV 0C Model Minimum Pulse Width 'amm_master_inst|altpll_qsys|sd1|pll7|clk[1]'
Slack : 9.603
TNS   : 0.000

Type  : Slow 1200mV 0C Model Minimum Pulse Width 'CLOCK_50'
Slack : 9.707
TNS   : 0.000

Type  : Slow 1200mV 0C Model Minimum Pulse Width 'amm_master_inst|altpll_qsys|sd1|pll7|clk[2]'
Slack : 19.614
TNS   : 0.000

Type  : Fast 1200mV 0C Model Setup 'amm_master_inst|pcie_ip|pcie_internal_hip|cyclone_iii.cycloneiv_hssi_pcie_hip|coreclkout'
Slack : 3.266
TNS   : 0.000

Type  : Fast 1200mV 0C Model Setup 'amm_master_inst|altpll_qsys|sd1|pll7|clk[1]'
Slack : 14.516
TNS   : 0.000

Type  : Fast 1200mV 0C Model Setup 'CLOCK_50'
Slack : 15.335
TNS   : 0.000

Type  : Fast 1200mV 0C Model Setup 'n/a'
Slack : 16.777
TNS   : 0.000

Type  : Fast 1200mV 0C Model Setup 'amm_master_inst|altpll_qsys|sd1|pll7|clk[2]'
Slack : 37.109
TNS   : 0.000

Type  : Fast 1200mV 0C Model Hold 'amm_master_inst|pcie_ip|pcie_internal_hip|cyclone_iii.cycloneiv_hssi_pcie_hip|coreclkout'
Slack : 0.077
TNS   : 0.000

Type  : Fast 1200mV 0C Model Hold 'amm_master_inst|altpll_qsys|sd1|pll7|clk[1]'
Slack : 0.137
TNS   : 0.000

Type  : Fast 1200mV 0C Model Hold 'CLOCK_50'
Slack : 0.166
TNS   : 0.000

Type  : Fast 1200mV 0C Model Hold 'amm_master_inst|altpll_qsys|sd1|pll7|clk[2]'
Slack : 0.169
TNS   : 0.000

Type  : Fast 1200mV 0C Model Hold 'n/a'
Slack : 2.696
TNS   : 0.000

Type  : Fast 1200mV 0C Model Recovery 'amm_master_inst|pcie_ip|pcie_internal_hip|cyclone_iii.cycloneiv_hssi_pcie_hip|coreclkout'
Slack : 5.680
TNS   : 0.000

Type  : Fast 1200mV 0C Model Recovery 'amm_master_inst|altpll_qsys|sd1|pll7|clk[1]'
Slack : 16.102
TNS   : 0.000

Type  : Fast 1200mV 0C Model Recovery 'CLOCK_50'
Slack : 16.703
TNS   : 0.000

Type  : Fast 1200mV 0C Model Removal 'amm_master_inst|pcie_ip|pcie_internal_hip|cyclone_iii.cycloneiv_hssi_pcie_hip|coreclkout'
Slack : 0.491
TNS   : 0.000

Type  : Fast 1200mV 0C Model Removal 'amm_master_inst|altpll_qsys|sd1|pll7|clk[1]'
Slack : 2.334
TNS   : 0.000

Type  : Fast 1200mV 0C Model Removal 'CLOCK_50'
Slack : 2.340
TNS   : 0.000

Type  : Fast 1200mV 0C Model Minimum Pulse Width 'amm_master_inst|pcie_ip|altgx_internal|amm_master_qsys_with_pcie_pcie_ip_altgx_internal_alt_c3gxb_6ni8_component|transmit_pcs0|hiptxclkout'
Slack : 2.000
TNS   : 0.000

Type  : Fast 1200mV 0C Model Minimum Pulse Width 'amm_master_inst|pcie_ip|altgx_internal|amm_master_qsys_with_pcie_pcie_ip_altgx_internal_alt_c3gxb_6ni8_component|transmit_pma0|clockout'
Slack : 2.000
TNS   : 0.000

Type  : Fast 1200mV 0C Model Minimum Pulse Width 'amm_master_inst|pcie_ip|pcie_internal_hip|cyclone_iii.cycloneiv_hssi_pcie_hip|coreclkout'
Slack : 3.682
TNS   : 0.000

Type  : Fast 1200mV 0C Model Minimum Pulse Width 'amm_master_inst|pcie_ip|pcie_internal_hip|cyclone_iii.cycloneiv_hssi_pcie_hip|pclkch0'
Slack : 3.994
TNS   : 0.000

Type  : Fast 1200mV 0C Model Minimum Pulse Width 'PCIE_REFCLK_P'
Slack : 4.989
TNS   : 0.000

Type  : Fast 1200mV 0C Model Minimum Pulse Width 'CLOCK_50'
Slack : 9.457
TNS   : 0.000

Type  : Fast 1200mV 0C Model Minimum Pulse Width 'amm_master_inst|altpll_qsys|sd1|pll7|clk[1]'
Slack : 9.728
TNS   : 0.000

Type  : Fast 1200mV 0C Model Minimum Pulse Width 'amm_master_inst|altpll_qsys|sd1|pll7|clk[2]'
Slack : 19.733
TNS   : 0.000

------------------------------------------------------------
